
Running 1 test using 1 worker

  Γ£ÿ  1 [chromium] ΓÇ║ tests\multi_role_flow.spec.js:42:5 ΓÇ║ Multi-Role E2E Workflow ΓÇ║ Tenant 1: Full Hospital Workflow (152ms)


  1) [chromium] ΓÇ║ tests\multi_role_flow.spec.js:42:5 ΓÇ║ Multi-Role E2E Workflow ΓÇ║ Tenant 1: Full Hospital Workflow 

    Error: browserContext.newPage: Target page, context or browser has been closed

  1 failed
    [chromium] ΓÇ║ tests\multi_role_flow.spec.js:42:5 ΓÇ║ Multi-Role E2E Workflow ΓÇ║ Tenant 1: Full Hospital Workflow 
